--- 80 columns ---
sessions in /workspace — ↑↓ to choose, enter to resume, q to cancel

  agent                 title                     messages  length  last message
  🐟 chewy-sardine      why does the spinner st…        12      8m      just now
› 🐩 thick-poodle       add support for reasoni…         4      1h       37m ago
  🦡 funny-badger       the cancelled turn leav…       148      3h        5h ago
  🐬 able-dolphin       (untitled)                       1      4h        3d ago
  🦦 brave-otter        rename the harness to oh        26      1d       12d ago

--- 46 columns ---
sessions in /workspace — ↑↓ to choose, enter …

  agent      …  messages  length  last message
  🐟 chewy-sa…        12      8m      just now
› 🐩 thick-po…         4      1h       37m ago
  🦡 funny-ba…       148      3h        5h ago
  🐬 able-dol…         1      4h        3d ago
  🦦 brave-ot…        26      1d       12d ago
